// Jest Snapshot v1, https://goo.gl/fbAQLP

exports[`WaveDivider it applies specified style params 1`] = `
.c0 {
  background-image: url(/cool/image.jpg);
  height: 150px;
  background-repeat: no-repeat;
  background-position: center;
  background-size: cover;
  -webkit-filter: drop-shadow(0px 10px 5px rgba(255 255 255 / 30%));
  filter: drop-shadow(0px 10px 5px rgba(255 255 255 / 30%));
}

<div
  className="WaveDividerstyles__Container-sc-1ona94q-0"
>
  <div
    className="c0"
  />
</div>
`;
